// Jest Snapshot v1, https://goo.gl/fbAQLP

exports[`Error404 should render correctly 1`] = `
<div
  class="fixed-center text-center"
>
  <div>
    <div
      style="font-size: 30vh;"
    >
      
            404
        
    </div>
     
    <div
      class="text-h2"
      style="opacity: 0.4;"
    >
      
            Oops. Nothing here...
        
    </div>
     
    <q-btn-stub
      class="q-mt-xl"
      color="white"
      label="Go Home"
      no-caps=""
      text-color="blue"
      to="/"
      unelevated=""
    />
  </div>
</div>
`;
