// Jest Snapshot v1, https://goo.gl/fbAQLP

exports[`Recordings should render correctly 1`] = `
<q-page
  class="row items-start justify-evenly"
  id="recordings"
>
  <q-form
    class="q-gutter-lg"
    id="form"
  >
    <q-toolbar-title
      class="text-center"
    >
      Recordings
    </q-toolbar-title>
    <q-table
      columns="[object Object],[object Object],[object Object],[object Object]"
      filter=""
      filter-method="function (rows, searchValue) {
      /* istanbul ignore next */
      cov_2kfo8v29i9().f[9]++;
      var filteredRows =
      /* istanbul ignore next */
      (cov_2kfo8v29i9().s[41]++, rows.filter(function (row) {
        /* istanbul ignore next */
        cov_2kfo8v29i9().f[10]++;
        var resultFound =
        /* istanbul ignore next */
        (cov_2kfo8v29i9().s[42]++, true);
        /* istanbul ignore next */
        cov_2kfo8v29i9().s[43]++;
        if (searchValue !== '') {
          /* istanbul ignore next */
          cov_2kfo8v29i9().b[3][0]++;
          var rowValues =
          /* istanbul ignore next */
          (cov_2kfo8v29i9().s[44]++, Object.entries(row).reduce(function (values, _a) {
            /* istanbul ignore next */
            cov_2kfo8v29i9().f[11]++;
            var key =
              /* istanbul ignore next */
              (cov_2kfo8v29i9().s[45]++, _a[0]),
              value =
              /* istanbul ignore next */
              (cov_2kfo8v29i9().s[46]++, _a[1]);
            /* istanbul ignore next */
            cov_2kfo8v29i9().s[47]++;
            switch (key) {
              case 'topic':
                /* istanbul ignore next */
                cov_2kfo8v29i9().b[4][0]++;
                {
                  /* istanbul ignore next */
                  cov_2kfo8v29i9().s[48]++;
                  values.push(value.toString());
                  /* istanbul ignore next */
                  cov_2kfo8v29i9().s[49]++;
                  break;
                }
            }
            /* istanbul ignore next */
            cov_2kfo8v29i9().s[50]++;
            return values;
          }, []));
          /* istanbul ignore next */
          cov_2kfo8v29i9().s[51]++;
          resultFound = false;
          /* istanbul ignore next */
          cov_2kfo8v29i9().s[52]++;
          for (var i =
          /* istanbul ignore next */
          (cov_2kfo8v29i9().s[53]++, 0); i < rowValues.length; i++) {
            var rowValue =
            /* istanbul ignore next */
            (cov_2kfo8v29i9().s[54]++, rowValues[i]);
            /* istanbul ignore next */
            cov_2kfo8v29i9().s[55]++;
            if (rowValue.includes(searchValue)) {
              /* istanbul ignore next */
              cov_2kfo8v29i9().b[5][0]++;
              cov_2kfo8v29i9().s[56]++;
              resultFound = true;
              /* istanbul ignore next */
              cov_2kfo8v29i9().s[57]++;
              break;
            } else
            /* istanbul ignore next */
            {
              cov_2kfo8v29i9().b[5][1]++;
            }
          }
        } else
        /* istanbul ignore next */
        {
          cov_2kfo8v29i9().b[3][1]++;
        }
        cov_2kfo8v29i9().s[58]++;
        return resultFound;
      }));
      /* istanbul ignore next */
      cov_2kfo8v29i9().s[59]++;
      return filteredRows;
    }"
      outlined=""
      pagination="[object Object]"
      row-key="id"
      rows=""
      standout=""
      title="Recordings"
    />
  </q-form>
</q-page>
`;
