// Jest Snapshot v1, https://goo.gl/fbAQLP

exports[`MainLayout should render correctly 1`] = `
<q-layout
  id="main-layout"
  view="lHh Lpr lFf"
>
  <q-header
    elevated=""
  >
    <q-toolbar>
      <q-toolbar-title>
        Zoom Utilities
      </q-toolbar-title>
      <q-tabs
        modelvalue="home"
      >
        
        <q-route-tab
          exact=""
          icon="home"
          label="Home"
          name="home"
          no-caps=""
          to="/home"
        />
        <q-route-tab
          exact=""
          icon="lock"
          label="Passcode"
          name="passcode"
          no-caps=""
          to="/passcode"
        />
        <q-route-tab
          exact=""
          icon="groups"
          label="Meetings"
          name="meetings"
          no-caps=""
          to="/meetings"
        />
        <q-route-tab
          exact=""
          icon="videocam"
          label="Recordings"
          name="recordings"
          no-caps=""
          to="/recordings"
        />
        <q-route-tab
          exact=""
          icon="login"
          label="Accounts"
          name="accounts"
          no-caps=""
          to="/accounts"
        />
        
        <q-tab
          icon="clear"
          label="Clear All"
          name="clearAll"
          no-caps=""
        />
      </q-tabs>
    </q-toolbar>
  </q-header>
  <q-page-container>
    <q-page
      class="row items-center justify-evenly"
      id="index"
    >
      <img
        alt="Zoom Utilities"
        id="logo"
        src=""
      />
    </q-page>
  </q-page-container>
  <q-footer
    elevated=""
    id="footer"
  >
    <q-toolbar>
      <q-toolbar-title
        id="footer-text"
      >
        <a
          href="https://github.com/iancampbellstuff"
          title="https://github.com/iancampbellstuff"
        >
          https://github.com/iancampbellstuff
        </a>
      </q-toolbar-title>
    </q-toolbar>
  </q-footer>
</q-layout>
`;
